// Jest Snapshot v1, https://goo.gl/fbAQLP

exports[`Address tests should take an AddressShow snapshot 1`] = `
ShallowWrapper {
  "length": 1,
  Symbol(enzyme.__root__): [Circular],
  Symbol(enzyme.__unrendered__): <Address
    address={
        Object {
            "city": "unknown",
            "contact": "unknown",
            "email": "unknown",
            "firstName": "unknown",
            "lastName": "unknown",
            "phone": "unknown",
            "state": "unknown",
            "street": "unknown",
            "website": "unknown",
            "zip": "unknown",
          }
    }
/>,
  Symbol(enzyme.__renderer__): Object {
    "batchedUpdates": [Function],
    "getNode": [Function],
    "render": [Function],
    "simulateEvent": [Function],
    "unmount": [Function],
  },
  Symbol(enzyme.__node__): Object {
    "instance": null,
    "key": undefined,
    "nodeType": "class",
    "props": Object {
      "delete": [Function],
      "name": Object {
        "_id": "unknown",
        "city": "unknown",
        "contact": "unknown",
        "email": "unknown",
        "firstName": "unknown",
        "lastName": "unknown",
        "phone": "unknown",
        "state": "unknown",
        "street": "unknown",
        "website": "unknown",
        "zip": "unknown",
      },
      "save": [Function],
      "setAddress": [Function],
      "showAddress": [Function],
    },
    "ref": null,
    "rendered": null,
    "type": [Function],
  },
  Symbol(enzyme.__nodes__): Array [
    Object {
      "instance": null,
      "key": undefined,
      "nodeType": "class",
      "props": Object {
        "delete": [Function],
        "name": Object {
          "_id": "unknown",
          "city": "unknown",
          "contact": "unknown",
          "email": "unknown",
          "firstName": "unknown",
          "lastName": "unknown",
          "phone": "unknown",
          "state": "unknown",
          "street": "unknown",
          "website": "unknown",
          "zip": "unknown",
        },
        "save": [Function],
        "setAddress": [Function],
        "showAddress": [Function],
      },
      "ref": null,
      "rendered": null,
      "type": [Function],
    },
  ],
  Symbol(enzyme.__options__): Object {
    "adapter": ReactSixteenAdapter {
      "options": Object {
        "enableComponentDidUpdateOnSetState": true,
      },
    },
  },
}
`;
