// Jest Snapshot v1, https://goo.gl/fbAQLP

exports[`AddressShow Shallow Suite should take an AddressShow snapshot 1`] = `
<Component
  style={
    Object {
      "backgroundColor": "steelblue",
      "flexDirection": "column",
    }
  }
>
  <Component
    id="addressShow"
    style={
      Object {
        "alignItems": "center",
        "justifyContent": "center",
      }
    }
  >
    <Text
      accessible={true}
      allowFontScaling={true}
      ellipsizeMode="tail"
      style={
        Object {
          "fontSize": 20,
        }
      }
    >
      firstName:
      unknown
    </Text>
    <Text
      accessible={true}
      allowFontScaling={true}
      ellipsizeMode="tail"
      style={
        Object {
          "fontSize": 20,
        }
      }
    >
      lastName:
      unknown
    </Text>
    <Text
      accessible={true}
      allowFontScaling={true}
      ellipsizeMode="tail"
      style={
        Object {
          "fontSize": 20,
        }
      }
    >
      Street:
      unknown
    </Text>
    <Text
      accessible={true}
      allowFontScaling={true}
      ellipsizeMode="tail"
      style={
        Object {
          "fontSize": 20,
        }
      }
    >
      City:
      unknown
    </Text>
    <Text
      accessible={true}
      allowFontScaling={true}
      ellipsizeMode="tail"
      style={
        Object {
          "fontSize": 20,
        }
      }
    >
      State:
      unknown
    </Text>
    <Text
      accessible={true}
      allowFontScaling={true}
      ellipsizeMode="tail"
      style={
        Object {
          "fontSize": 20,
        }
      }
    >
      Zip:
      unknown
    </Text>
    <Text
      accessible={true}
      allowFontScaling={true}
      ellipsizeMode="tail"
      style={
        Object {
          "fontSize": 20,
        }
      }
    >
      Phone:
      unknown
    </Text>
    <Text
      accessible={true}
      allowFontScaling={true}
      ellipsizeMode="tail"
      style={
        Object {
          "fontSize": 20,
        }
      }
    >
      Websit:
      unknown
    </Text>
    <Text
      accessible={true}
      allowFontScaling={true}
      ellipsizeMode="tail"
      style={
        Object {
          "fontSize": 20,
        }
      }
    >
      Email:
      unknown
    </Text>
    <Text
      accessible={true}
      allowFontScaling={true}
      ellipsizeMode="tail"
      style={
        Object {
          "fontSize": 20,
        }
      }
    >
      Contact:
      unknown
    </Text>
  </Component>
  <Component
    style={
      Object {
        "flexDirection": "row",
        "justifyContent": "center",
      }
    }
  >
    <Component
      style={
        Object {
          "flex": 1,
        }
      }
    >
      <Button
        color="darkturquoise"
        id="Backward"
        onPress={[Function]}
        title="<<"
      />
    </Component>
    <Component
      style={
        Object {
          "flex": 1,
        }
      }
    >
      <Button
        color="darkturquoise"
        id="Backward"
        onPress={[Function]}
        title="<"
      />
    </Component>
    <Component
      style={
        Object {
          "flex": 1,
        }
      }
    >
      <Button
        color="darkturquoise"
        id="Forward"
        onPress={[Function]}
        title=">"
      />
    </Component>
    <Component
      style={
        Object {
          "flex": 1,
        }
      }
    >
      <Button
        color="darkturquoise"
        id="Forward"
        onPress={[Function]}
        title=">>"
      />
    </Component>
  </Component>
</Component>
`;
